Workerman[console] start in DEBUG mode
Master pid:1021084 is not alive
------------------------------------------------ WORKERMAN -------------------------------------------------
Workerman/5.1.10        PHP/8.4.20 (JIT off)          Linux/6.17.0-22-generic
------------------------------------------------- WORKERS --------------------------------------------------
event-loop  proto       user        worker         listen                      count       state            
select      tcp         javier      djinni-chat    websocket://0.0.0.0:8081    1            [OK]            
------------------------------------------------------------------------------------------------------------
Press Ctrl+C to stop. Start success.
[chat] admin joined room 11
[chat] admin joined room 11
[chat] admin left room 11
[chat] admin left room 11
[chat] admin joined room 11
[chat] admin joined room 11
[chat] porrete joined room 11
[chat] porrete joined room 11
[chat] admin left room 11
[chat] admin left room 11
[chat] admin joined room 11
[chat] admin joined room 11
[chat] porrete left room 11
[chat] porrete left room 11
[chat] admin left room 11
[chat] admin left room 11
Workerman[console] received signal SIGTERM
Workerman[console] stopping
Workerman[console] has been stopped
erman[console] already running
2026-05-20 09:41:55 pid:1024622 Workerman[console] received signal SIGTERM
2026-05-20 09:41:55 pid:1024622 Workerman[console] stopping
2026-05-20 09:41:56 pid:1024622 Workerman[console] has been stopped
2026-05-20 09:42:00 pid:1033689 Workerman[console] start in DEBUG mode
2026-05-21 16:41:33 pid:1033689 Workerman[console] received signal SIGHUP
2026-05-21 16:41:33 pid:1033689 Workerman[console] stopping
2026-05-21 16:41:33 pid:1033689 Workerman[console] received signal SIGHUP
2026-05-21 16:41:33 pid:1033689 Workerman[console] stopping
2026-05-21 16:41:34 pid:1033689 Workerman[console] has been stopped
2026-05-21 16:47:46 pid:5948 Workerman[console] start in DEBUG mode
